
> zuenos-libres@1.0.0 build
> vite build

[36mvite v5.4.19 [32mbuilding for production...[36m[39m
transforming...
[32mÔ£ô[39m 1692 modules transformed.
rendering chunks...
computing gzip size...
[2mdist/[22m[32mindex.html                              [39m[1m[2m  6.94 kB[22m[1m[22m[2m Ôöé gzip:   1.98 kB[22m
[2mdist/[22m[32massets/product-manzanilla-CEN7nUXU.jpg  [39m[1m[2m 31.42 kB[22m[1m[22m
[2mdist/[22m[32massets/product-melisa-xLojQsCx.jpg      [39m[1m[2m 34.05 kB[22m[1m[22m
[2mdist/[22m[32massets/product-amapola-Ccj-BUBI.jpg     [39m[1m[2m 36.36 kB[22m[1m[22m
[2mdist/[22m[32massets/product-lavanda-C4EX4INl.jpg     [39m[1m[2m 40.62 kB[22m[1m[22m
[2mdist/[22m[32massets/product-pasiflora-B1bW3eLv.jpg   [39m[1m[2m 46.70 kB[22m[1m[22m
[2mdist/[22m[32massets/product-valeriana-j5-eJNXK.jpg   [39m[1m[2m 65.15 kB[22m[1m[22m
[2mdist/[22m[32massets/hero-sleep-fIODmPH9.jpg          [39m[1m[2m176.41 kB[22m[1m[22m
[2mdist/[22m[32massets/logo-Damz7976.png                [39m[1m[2m345.76 kB[22m[1m[22m
[2mdist/[22m[35massets/index-CEq6OpXp.css               [39m[1m[2m 66.05 kB[22m[1m[22m[2m Ôöé gzip:  11.53 kB[22m
[2mdist/[22m[36massets/index-III99Jst.js                [39m[1m[2m439.89 kB[22m[1m[22m[2m Ôöé gzip: 135.74 kB[22m
[32mÔ£ô built in 6.33s[39m
